[{"id":0,"level":"warn","message":"seq 0"},{"id":7,"level":"warn","message":"seq 7"},{"id":14,"level":"warn","message":"seq 14"},{"id":21,"level":"warn","message":"seq 21"},{"id":28,"level":"warn","message":"seq 28"},{"id":35,"level":"warn","message":"seq 35"},{"id":42,"level":"warn","message":"seq 42"},{"id":49,"level":"warn","message":"seq 49"},{"id":56,"level":"warn","message":"seq 56"},{"id":63,"level":"warn","message":"seq 63"},{"id":70,"level":"warn","message":"seq 70"},{"id":77,"level":"warn","message":"seq 77"},{"id":84,"level":"warn","message":"seq 84"},{"id":91,"level":"warn","message":"seq 91"},{"id":98,"level":"warn","message":"seq 98"},{"_ccr_dropped":"<<ccr:1d0dd94cf2cd 85_rows_offloaded>>"}]